******************************************************************************
               TMS320C6x Linker PC v6.1.12                     
******************************************************************************
>> Linked Thu Jul 05 16:26:34 2012

OUTPUT FILE NAME:   <bootload.out>
ENTRY POINT SYMBOL: "_c_int00"  address: c304cc00


MEMORY CONFIGURATION

         name            origin    length      used     unused   attr    fill
----------------------  --------  ---------  --------  --------  ----  --------
  AEMIF                 62000000   01000000  00000000  01000000  RWIX
  DRAM                  c0000000   01000000  00000000  01000000  RWIX
  DRAM_PROG             c3000000   04000000  0004da36  03fb25ca  RWIX


SECTION ALLOCATION MAP

 output                                  attributes/
section   page    origin      length       input sections
--------  ----  ----------  ----------   ----------------
.ddrram    0    c0000000    00000000     UNINITIALIZED

.data      0    c3000000    00000000     UNINITIALIZED

.far       0    c3000000    00033f60     UNINITIALIZED
                  c3000000    00019008     main.obj (.far)
                  c3019008    0000d623     data.obj (.far)
                  c302662b    00000001     --HOLE--
                  c302662c    0000d57b     nand_test.obj (.far)
                  c3033ba7    00000001     --HOLE--
                  c3033ba8    00000194     rts6200.lib : defs.obj (.far)
                  c3033d3c    000000d0                 : trgdrv.obj (.far)
                  c3033e0c    000000cc                 : lowlev.obj (.far)
                  c3033ed8    00000050     elf_loader.obj (.far)
                  c3033f28    0000000c     C6747_uart.obj (.far)
                  c3033f34    0000000c     rts6200.lib : exit.obj (.far)
                  c3033f40    00000008                 : _lock.obj (.far)
                  c3033f48    00000008                 : divd.obj (.far)
                  c3033f50    00000008                 : memory.obj (.far)
                  c3033f58    00000004                 : fopen.obj (.far)
                  c3033f5c    00000004     uart.obj (.far)

.cinit     0    c3033f60    0000d804     
                  c3033f60    0000d62c     data.obj (.cinit)
                  c304158c    00000004     --HOLE-- [fill = 0]
                  c3041590    0000005c     rts6200.lib : defs.obj (.cinit)
                  c30415ec    00000004     --HOLE-- [fill = 0]
                  c30415f0    0000005c                 : lowlev.obj (.cinit)
                  c304164c    00000004     --HOLE-- [fill = 0]
                  c3041650    0000002c     C6747_uart.obj (.cinit)
                  c304167c    00000004     --HOLE-- [fill = 0]
                  c3041680    0000002c     rts6200.lib : exit.obj (.cinit)
                  c30416ac    00000004     --HOLE-- [fill = 0]
                  c30416b0    0000002c                 : memory.obj (.cinit)
                  c30416dc    00000004     --HOLE-- [fill = 0]
                  c30416e0    0000001c     nand_test.obj (.cinit)
                  c30416fc    00000004     --HOLE-- [fill = 0]
                  c3041700    0000001c     rts6200.lib : _lock.obj (.cinit)
                  c304171c    00000004     --HOLE-- [fill = 0]
                  c3041720    00000010                 : divd.obj (.cinit)
                  c3041730    0000000c     nand.obj (.cinit)
                  c304173c    00000004     --HOLE-- [fill = 0]
                  c3041740    0000000c     rts6200.lib : fopen.obj (.cinit)
                  c304174c    00000004     --HOLE-- [fill = 0]
                  c3041750    0000000c     uart.obj (.cinit)
                  c304175c    00000004     --HOLE-- [fill = 0]
                  c3041760    00000004     (.pad.cinit) [fill = 0]

.switch    0    c3041764    00000010     
                  c3041764    00000010     C6747.obj (.switch)

.bss       0    c3041774    0000000c     UNINITIALIZED
                  c3041774    00000004     main.obj (.bss)
                  c3041778    00000004     nand.obj (.bss)
                  c304177c    00000004     nand_test.obj (.bss)

.text      0    c3041780    0000b840     
                  c3041780    00000b20     C6747_init.obj (.text)
                  c30422a0    00000980     rts6200.lib : divd.obj (.text:__divd)
                  c3042c20    00000820     nand.obj (.text)
                  c3043440    000005c0     rts6200.lib : _printfi.obj (.text:__setfield)
                  c3043a00    00000580                 : _printfi.obj (.text:__getarg_diouxp)
                  c3043f80    00000560                 : _printfi.obj (.text:_ecvt)
                  c30444e0    00000540                 : _printfi.obj (.text:_fcvt)
                  c3044a20    000004c0     elf_loader.obj (.text)
                  c3044ee0    000004a0     rts6200.lib : _printfi.obj (.text:__printfi)
                  c3045380    00000420                 : _printfi.obj (.text:__pconv_e)
                  c30457a0    00000400                 : _printfi.obj (.text:__pproc_fge)
                  c3045ba0    000003c0     C6747.obj (.text)
                  c3045f60    000003a0     rts6200.lib : imath64.obj (.text:__divull)
                  c3046300    000003a0                 : _printfi.obj (.text:__pproc_fwp)
                  c30466a0    000003a0                 : fputs.obj (.text:_fputs)
                  c3046a40    000003a0                 : memory.obj (.text:_free)
                  c3046de0    00000380                 : frcmpyd_div.obj (.text:__frcmpyd_div)
                  c3047160    00000360     C6747_uart.obj (.text)
                  c30474c0    00000340     rts6200.lib : addd.obj (.text:__addd)
                  c3047800    00000340                 : mpyd.obj (.text:__mpyd)
                  c3047b40    000002e0                 : frcaddd.obj (.text:__frcaddd)
                  c3047e20    000002e0                 : _printfi.obj (.text:__pproc_diouxp)
                  c3048100    000002e0                 : _printfi.obj (.text:__pproc_str)
                  c30483e0    000002e0     uart.obj (.text)
                  c30486c0    00000260     rts6200.lib : imath40.obj (.text:__divul)
                  c3048920    00000240                 : _printfi.obj (.text:__mcpy)
                  c3048b60    00000240                 : memory.obj (.text:_malloc)
                  c3048da0    00000240                 : memcpy62.obj (.text:_memcpy)
                  c3048fe0    00000220                 : trgdrv.obj (.text:_HOSTrename)
                  c3049200    00000200                 : _printfi.obj (.text:__pconv_g)
                  c3049400    00000200                 : setvbuf.obj (.text:_setvbuf)
                  c3049600    000001e0                 : _printfi.obj (.text:__ltostr)
                  c30497e0    000001e0                 : lowlev.obj (.text:_getdevice)
                  c30499c0    000001a0                 : _printfi.obj (.text:__pproc_fflags)
                  c3049b60    000001a0                 : fputc.obj (.text:_fputc)
                  c3049d00    00000160                 : trgdrv.obj (.text:_HOSTlseek)
                  c3049e60    00000160                 : trgdrv.obj (.text:_HOSTread)
                  c3049fc0    00000160                 : fclose.obj (.text:_fclose)
                  c304a120    00000160                 : lowlev.obj (.text:_lseek)
                  c304a280    00000160                 : ltoa.obj (.text:_ltoa)
                  c304a3e0    00000160                 : lowlev.obj (.text:_write)
                  c304a540    00000140                 : trgdrv.obj (.text:_HOSTopen)
                  c304a680    00000140                 : trgdrv.obj (.text:_HOSTwrite)
                  c304a7c0    00000140                 : autoinit.obj (.text:__auto_init)
                  c304a900    00000140                 : frcmpyd.obj (.text:__frcmpyd)
                  c304aa40    00000140                 : strasg.obj (.text:__strasgi)
                  c304ab80    00000140                 : _io_perm.obj (.text:__wrt_ok)
                  c304acc0    00000140                 : atoi.obj (.text:_atoi)
                  c304ae00    00000140                 : lowlev.obj (.text:_close)
                  c304af40    00000120                 : trgdrv.obj (.text:_HOSTunlink)
                  c304b060    00000120                 : _printfi.obj (.text:__div)
                  c304b180    00000120                 : divi.obj (.text:__divi)
                  c304b2a0    00000120                 : imath40.obj (.text:__divli)
                  c304b3c0    00000120                 : exit.obj (.text:_exit)
                  c304b4e0    00000120                 : fseek.obj (.text:_fseek)
                  c304b600    00000120                 : memset.obj (.text:_memset)
                  c304b720    00000120     main.obj (.text)
                  c304b840    00000120     nand_test.obj (.text)
                  c304b960    00000100     rts6200.lib : trgdrv.obj (.text:_HOSTclose)
                  c304ba60    00000100                 : fopen.obj (.text:__cleanup)
                  c304bb60    00000100                 : cmpd.obj (.text:__cmpd)
                  c304bc60    00000100                 : _printfi.obj (.text:__pconv_f)
                  c304bd60    00000100                 : remi.obj (.text:__remi)
                  c304be60    000000e0                 : fflush.obj (.text:__doflush)
                  c304bf40    000000e0                 : _printfi.obj (.text:__ecpy)
                  c304c020    000000e0                 : memory.obj (.text:_minsert)
                  c304c100    000000e0                 : memory.obj (.text:_mremove)
                  c304c1e0    000000c0                 : divu.obj (.text:__divu)
                  c304c2a0    000000c0                 : _printfi.obj (.text:__fcpy)
                  c304c360    000000c0                 : fixdli.obj (.text:__fixdli)
                  c304c420    000000c0                 : lowlev.obj (.text:_finddevice)
                  c304c4e0    000000c0                 : printf.obj (.text:_printf)
                  c304c5a0    000000a0                 : fixdi.obj (.text:__fixdi)
                  c304c640    000000a0                 : mpyll.obj (.text:__mpyll)
                  c304c6e0    000000a0                 : imath40.obj (.text:__remli)
                  c304c780    000000a0                 : renormd.obj (.text:__renormd)
                  c304c820    000000a0                 : trgmsg.obj (.text:_readmsg)
                  c304c8c0    000000a0                 : lowlev.obj (.text:_unlink)
                  c304c960    000000a0                 : trgmsg.obj (.text:_writemsg)
                  c304ca00    00000080                 : fltlid.obj (.text:__fltlid)
                  c304ca80    00000080                 : llshift.obj (.text:__llshl)
                  c304cb00    00000080                 : llshift.obj (.text:__llshru)
                  c304cb80    00000080                 : imath64.obj (.text:__subcull)
                  c304cc00    00000080                 : boot.obj (.text:_c_int00)
                  c304cc80    00000080                 : memccpy.obj (.text:_memccpy)
                  c304cd00    00000060                 : isinf.obj (.text:___isinf)
                  c304cd60    00000060                 : _printfi.obj (.text:___isnan)
                  c304cdc0    00000060                 : divd.obj (.text:___isnan)
                  c304ce20    00000060                 : subd.obj (.text:__subd)
                  c304ce80    00000040                 : args_main.obj (.text:__args_main)
                  c304cec0    00000040                 : negd.obj (.text:__negd)
                  c304cf00    00000020                 : negll.obj (.text:__negll)
                  c304cf20    00000020                 : _lock.obj (.text:__nop)
                  c304cf40    00000020                 : printf.obj (.text:__outc)
                  c304cf60    00000020                 : printf.obj (.text:__outs)
                  c304cf80    00000020                 : exit.obj (.text:_abort)
                  c304cfa0    00000020                 : remove.obj (.text:_remove)

.stack     0    c304cfc0    00000400     UNINITIALIZED
                  c304cfc0    00000008     rts6200.lib : boot.obj (.stack)
                  c304cfc8    000003f8     --HOLE--

.sysmem    0    c304d3c0    00000400     UNINITIALIZED
                  c304d3c0    00000008     rts6200.lib : memory.obj (.sysmem)
                  c304d3c8    000003f8     --HOLE--

.const     0    c304d7c0    00000156     
                  c304d7c0    00000101     rts6200.lib : ctype.obj (.const:__ctypes_)
                  c304d8c1    00000023                 : _printfi.obj (.const:.string)
                  c304d8e4    00000018     nand_test.obj (.const:.string)
                  c304d8fc    00000014     main.obj (.const:.string)
                  c304d910    00000004     uart.obj (.const:.string)
                  c304d914    00000002     rts6200.lib : fputs.obj (.const:.string)

.cio       0    c304d918    00000120     UNINITIALIZED
                  c304d918    00000120     rts6200.lib : trgmsg.obj (.cio)


GLOBAL SYMBOLS: SORTED ALPHABETICALLY BY Name 

address    name
--------   ----
c3041774   $bss
c3041774   .bss
c3000000   .data
c3041780   .text
c304cf80   C$$EXIT
c304c9e4   C$$IO$$
c0000000   DDRStart
c3047368   _C6747_UART_close
c304746c   _C6747_UART_getChar
c3047160   _C6747_UART_open
c30473dc   _C6747_UART_putChar
c3047414   _C6747_UART_rcvReady
c3047384   _C6747_UART_xmtReady
c3045c98   _C6747_init
c3045ba0   _C6747_wait
c3045c00   _C6747_waitusec
c30421e0   _CEint
c3042c20   _FLASHGPIO_init
c304b960   _HOSTclose
c3049d00   _HOSTlseek
c304a540   _HOSTopen
c3049e60   _HOSTread
c3048fe0   _HOSTrename
c304af40   _HOSTunlink
c304a680   _HOSTwrite
c3041e28   _InitPLL
c3041780   _PSC0_lPSC_enable
c3041860   _PSC1_lPSC_enable
c3041c88   _SystemConfig
c304d918   __CIOBUF_
00000400   __STACK_SIZE
00000400   __SYSMEM_SIZE
c3033f3c   ___TI_enable_exit_profile_output
ffffffff   ___TI_pprof_out_hndl
ffffffff   ___TI_prof_data_size
ffffffff   ___TI_prof_data_start
ffffffff   ___binit__
c3041774   ___bss__
ffffffff   ___c_args__
c3033f60   ___cinit__
c3000000   ___data__
c3000000   ___edata__
c3041780   ___end__
c304cfc0   ___etext__
c304cd00   ___isinf
ffffffff   ___pinit__
c3041780   ___text__
c30474c0   __addd
c304ce80   __args_main
c304a7c0   __auto_init
c304ba60   __cleanup
c3033f34   __cleanup_ptr
c304bb60   __cmpd
c304d7c0   __ctypes_
c30422a0   __divd
c304b180   __divi
c304b2a0   __divli
c304c1e0   __divu
c30486c0   __divul
c3045f60   __divull
c304be60   __doflush
c3033f38   __dtors_ptr
c304c5a0   __fixdi
c304c360   __fixdli
c304ca00   __fltlid
c3047b40   __frcaddd
c304a900   __frcmpyd
c3046de0   __frcmpyd_div
c3033d38   __ft_end
c3033ba8   __ftable
c304ca80   __llshl
c304cb00   __llshru
c3033f40   __lock
c3047800   __mpyd
c304c640   __mpyll
c3042c94   __nand_busywait
c304cec0   __negd
c304cf00   __negll
c304cf20   __nop
c3044ee0   __printfi
c304bd60   __remi
c304c6e0   __remli
c304c780   __renormd
c3045cd8   __resetEMIF
c3045ecc   __setupEMIF
c304cfc0   __stack
c304aa40   __strasgi
c304cb80   __subcull
c304ce20   __subd
c304d3c0   __sys_memory
c3033c98   __tmpnams
c3033f44   __unlock
c3045c38   __wait
c304ab80   __wrt_ok
c304cf80   _abort
c304acc0   _atoi
c302662c   _buf
c304cc00   _c_int00
c304ae00   _close
c3044ac4   _component_load
c3019008   _data
c304b720   _do_bootm
c3000000   _dst
c3044afc   _elf_prog_segment_loader
c3042170   _emifconfig
c3041774   _entry
c304b3c0   _exit
c3049fc0   _fclose
c3049b60   _fputc
c30466a0   _fputs
c3046a40   _free
c304b4e0   _fseek
c3044e70   _get_prog_entry
c3019000   _info
c3041940   _initpsc
c304177c   _len
c3044d00   _load_to_memory
c304a120   _lseek
c304a280   _ltoa
c304b770   _main
c3048b60   _malloc
c304cc80   _memccpy
c3048da0   _memcpy
c304b600   _memset
c3044a20   _move_memory
c3042e24   _nand_erase_block
c3042dc8   _nand_info
c3042d30   _nand_init
c3043330   _nand_read
c3042f08   _nand_read_page
c304b840   _nand_test
c3041778   _nand_timeout
c304322c   _nand_write
c3043054   _nand_write_page
c304c4e0   _printf
c3049b60   _putc
c304c820   _readmsg
c304cfa0   _remove
c3049400   _setvbuf
c304222c   _sysinit
c30483e0   _uart_open
c304842c   _uart_print_char
c3048504   _uart_print_int
c3048494   _uart_print_string
c304c8c0   _unlink
c304a3e0   _write
c304c960   _writemsg
ffffffff   binit
c3033f60   cinit
c3000000   edata
c3041780   end
c304cfc0   etext
ffffffff   pinit


GLOBAL SYMBOLS: SORTED BY Symbol Address 

address    name
--------   ----
00000400   __STACK_SIZE
00000400   __SYSMEM_SIZE
c0000000   DDRStart
c3000000   .data
c3000000   ___data__
c3000000   ___edata__
c3000000   _dst
c3000000   edata
c3019000   _info
c3019008   _data
c302662c   _buf
c3033ba8   __ftable
c3033c98   __tmpnams
c3033d38   __ft_end
c3033f34   __cleanup_ptr
c3033f38   __dtors_ptr
c3033f3c   ___TI_enable_exit_profile_output
c3033f40   __lock
c3033f44   __unlock
c3033f60   ___cinit__
c3033f60   cinit
c3041774   $bss
c3041774   .bss
c3041774   ___bss__
c3041774   _entry
c3041778   _nand_timeout
c304177c   _len
c3041780   .text
c3041780   _PSC0_lPSC_enable
c3041780   ___end__
c3041780   ___text__
c3041780   end
c3041860   _PSC1_lPSC_enable
c3041940   _initpsc
c3041c88   _SystemConfig
c3041e28   _InitPLL
c3042170   _emifconfig
c30421e0   _CEint
c304222c   _sysinit
c30422a0   __divd
c3042c20   _FLASHGPIO_init
c3042c94   __nand_busywait
c3042d30   _nand_init
c3042dc8   _nand_info
c3042e24   _nand_erase_block
c3042f08   _nand_read_page
c3043054   _nand_write_page
c304322c   _nand_write
c3043330   _nand_read
c3044a20   _move_memory
c3044ac4   _component_load
c3044afc   _elf_prog_segment_loader
c3044d00   _load_to_memory
c3044e70   _get_prog_entry
c3044ee0   __printfi
c3045ba0   _C6747_wait
c3045c00   _C6747_waitusec
c3045c38   __wait
c3045c98   _C6747_init
c3045cd8   __resetEMIF
c3045ecc   __setupEMIF
c3045f60   __divull
c30466a0   _fputs
c3046a40   _free
c3046de0   __frcmpyd_div
c3047160   _C6747_UART_open
c3047368   _C6747_UART_close
c3047384   _C6747_UART_xmtReady
c30473dc   _C6747_UART_putChar
c3047414   _C6747_UART_rcvReady
c304746c   _C6747_UART_getChar
c30474c0   __addd
c3047800   __mpyd
c3047b40   __frcaddd
c30483e0   _uart_open
c304842c   _uart_print_char
c3048494   _uart_print_string
c3048504   _uart_print_int
c30486c0   __divul
c3048b60   _malloc
c3048da0   _memcpy
c3048fe0   _HOSTrename
c3049400   _setvbuf
c3049b60   _fputc
c3049b60   _putc
c3049d00   _HOSTlseek
c3049e60   _HOSTread
c3049fc0   _fclose
c304a120   _lseek
c304a280   _ltoa
c304a3e0   _write
c304a540   _HOSTopen
c304a680   _HOSTwrite
c304a7c0   __auto_init
c304a900   __frcmpyd
c304aa40   __strasgi
c304ab80   __wrt_ok
c304acc0   _atoi
c304ae00   _close
c304af40   _HOSTunlink
c304b180   __divi
c304b2a0   __divli
c304b3c0   _exit
c304b4e0   _fseek
c304b600   _memset
c304b720   _do_bootm
c304b770   _main
c304b840   _nand_test
c304b960   _HOSTclose
c304ba60   __cleanup
c304bb60   __cmpd
c304bd60   __remi
c304be60   __doflush
c304c1e0   __divu
c304c360   __fixdli
c304c4e0   _printf
c304c5a0   __fixdi
c304c640   __mpyll
c304c6e0   __remli
c304c780   __renormd
c304c820   _readmsg
c304c8c0   _unlink
c304c960   _writemsg
c304c9e4   C$$IO$$
c304ca00   __fltlid
c304ca80   __llshl
c304cb00   __llshru
c304cb80   __subcull
c304cc00   _c_int00
c304cc80   _memccpy
c304cd00   ___isinf
c304ce20   __subd
c304ce80   __args_main
c304cec0   __negd
c304cf00   __negll
c304cf20   __nop
c304cf80   C$$EXIT
c304cf80   _abort
c304cfa0   _remove
c304cfc0   ___etext__
c304cfc0   __stack
c304cfc0   etext
c304d3c0   __sys_memory
c304d7c0   __ctypes_
c304d918   __CIOBUF_
ffffffff   ___TI_pprof_out_hndl
ffffffff   ___TI_prof_data_size
ffffffff   ___TI_prof_data_start
ffffffff   ___binit__
ffffffff   ___c_args__
ffffffff   ___pinit__
ffffffff   binit
ffffffff   pinit

[153 symbols]
